
======================================================================
ENHANCED OBD CODE RESPONSE FORMAT TEST
Testing Migration 003 Improvements
======================================================================

======================================================================
TEST 1: BASIC FORMAT (Pre-Migration 003)
======================================================================

Traceback (most recent call last):
  File "C:\Users\vinmu\Desktop\VehicleDiagnosisAssistant\scripts\test_enhanced_format.py", line 155, in <module>
    main()
  File "C:\Users\vinmu\Desktop\VehicleDiagnosisAssistant\scripts\test_enhanced_format.py", line 127, in main
    test_basic_format()
  File "C:\Users\vinmu\Desktop\VehicleDiagnosisAssistant\scripts\test_enhanced_format.py", line 55, in test_basic_format
    print(formatted)
  File "C:\Users\vinmu\AppData\Local\Programs\Python\Python312\Lib\encodings\cp1252.py", line 19, in encode
    return codecs.charmap_encode(input,self.errors,encoding_table)[0]
           ^^^^^^^^^^^^^^^^^^^^^^^^^^^^^^^^^^^^^^^^^^^^^^^^^^^^^^^
UnicodeEncodeError: 'charmap' codec can't encode character '\U0001f527' in position 0: character maps to <undefined>
